2026/02/04 20:37:16 ⚙️  Loaded Config | Mode: public | HTTP | Port: 8080 | Upload: 10MB
🚀 Server Running in [public] mode on http://localhost:8080 (HTTP only)
2026/02/04 20:37:38 🏠 New Room Created: public
2026/02/04 20:37:38 ➕ Client joined room [public]. Total: 1
2026/02/04 20:37:38 📤 Sending Init State to client. History Size: 0
2026/02/04 20:37:56 ➕ Client joined room [public]. Total: 2
2026/02/04 20:37:56 📤 Sending Init State to client. History Size: 0
2026/02/04 20:37:57 💾 Saved clipboard item. History Total: 1
2026/02/04 20:38:30 💾 Saved clipboard item. History Total: 2
2026/02/04 20:39:49 ➖ Client left room [public]. Total: 1
2026/02/04 20:41:56 💾 Saved clipboard item. History Total: 3
2026/02/04 20:42:23 📝 Notepad update received: id=default, title=默认笔记
2026/02/04 20:42:28 ➖ Client left room [public]. Total: 0
2026/02/04 20:48:01 ➕ Client joined room [public]. Total: 1
2026/02/04 20:48:01 📤 Sending Init State to client. History Size: 3
2026/02/04 20:48:02 💾 Saved clipboard item. History Total: 4
2026/02/04 20:48:02 📝 Notepad update received: id=default, title=默认笔记
2026/02/04 20:48:20 💾 Saved clipboard item. History Total: 5
2026/02/04 20:48:24 ➖ Client left room [public]. Total: 0
2026/02/04 20:48:24 ➕ Client joined room [public]. Total: 1
2026/02/04 20:48:24 📤 Sending Init State to client. History Size: 5
2026/02/04 20:48:24 ➖ Client left room [public]. Total: 0
2026/02/04 20:48:26 ➕ Client joined room [public]. Total: 1
2026/02/04 20:48:26 📤 Sending Init State to client. History Size: 5
2026/02/04 20:48:27 📝 Notepad update received: id=default, title=默认笔记
2026/02/04 20:48:32 ➕ Client joined room [public]. Total: 2
2026/02/04 20:48:32 📤 Sending Init State to client. History Size: 5
2026/02/04 20:48:33 📝 Notepad update received: id=default, title=默认笔记
2026/02/04 20:48:37 💾 Saved clipboard item. History Total: 6
2026/02/04 20:48:41 📝 Notepad update received: id=default, title=默认笔记
2026/02/04 20:48:43 ➖ Client left room [public]. Total: 1
2026/02/04 20:48:43 ➕ Client joined room [public]. Total: 2
2026/02/04 20:48:43 📤 Sending Init State to client. History Size: 6
2026/02/04 20:48:44 📝 Notepad update received: id=default, title=默认笔记
2026/02/04 20:48:47 📝 Notepad update received: id=default, title=默认笔记
2026/02/04 20:48:52 ➕ Client joined room [public]. Total: 3
2026/02/04 20:48:52 📤 Sending Init State to client. History Size: 6
2026/02/04 20:48:54 📝 Notepad update received: id=default, title=默认笔记
2026/02/04 20:55:28 📝 Notepad update received: id=default, title=默认笔记
2026/02/04 20:55:30 📝 Notepad update received: id=default, title=默认笔记
2026/02/04 20:55:30 ➖ Client left room [public]. Total: 2
2026/02/04 20:55:30 ➕ Client joined room [public]. Total: 3
2026/02/04 20:55:30 📤 Sending Init State to client. History Size: 6
2026/02/04 20:55:31 📝 Notepad update received: id=default, title=默认笔记
2026/02/04 20:55:33 ➖ Client left room [public]. Total: 2
2026/02/04 20:55:33 ➕ Client joined room [public]. Total: 3
2026/02/04 20:55:33 📤 Sending Init State to client. History Size: 6
2026/02/04 20:55:34 📝 Notepad update received: id=default, title=默认笔记
2026/02/04 20:55:35 📝 Notepad update received: id=default, title=默认笔记
2026/02/04 20:55:47 ➖ Client left room [public]. Total: 2
2026/02/04 20:55:47 ➕ Client joined room [public]. Total: 3
2026/02/04 20:55:47 📤 Sending Init State to client. History Size: 6
2026/02/04 20:55:47 ➖ Client left room [public]. Total: 2
2026/02/04 20:58:15 ➖ Client left room [public]. Total: 1
2026/02/04 20:58:15 ➕ Client joined room [public]. Total: 2
2026/02/04 20:58:15 📤 Sending Init State to client. History Size: 6
2026/02/04 20:58:15 ➖ Client left room [public]. Total: 1
2026/02/04 20:58:15 ➕ Client joined room [public]. Total: 2
2026/02/04 20:58:15 📤 Sending Init State to client. History Size: 6
2026/02/04 20:58:16 📝 Notepad update received: id=default, title=默认笔记
2026/02/04 20:58:17 📝 Notepad update received: id=default, title=默认笔记
